// Jest Snapshot v1, https://goo.gl/fbAQLP

exports[`The continent component should render correctly into the DOM 1`] = `
<div>
  <a
    class="p-4 bg-pink-500"
    href="/Africa"
  >
    <div>
      <svg
        fill="none"
        height="1em"
        stroke="currentColor"
        stroke-linecap="round"
        stroke-linejoin="round"
        stroke-width="2"
        viewBox="0 0 24 24"
        width="1em"
        xmlns="http://www.w3.org/2000/svg"
      >
        <circle
          cx="12"
          cy="12"
          r="10"
        />
        <polyline
          points="12 16 16 12 12 8"
        />
        <line
          x1="8"
          x2="16"
          y1="12"
          y2="12"
        />
      </svg>
    </div>
    <div>
      <img
        alt="Africa"
        src="Africa-Map.png"
        style="filter: opacity(0.7);"
      />
    </div>
    <div>
      <h3
        class="text-3xl font-bold"
      >
        Africa
      </h3>
      <p>
        1000
         
        Covid cases
      </p>
    </div>
  </a>
</div>
`;
